// Jest Snapshot v1, https://goo.gl/fbAQLP

exports[`passwordConfirmationDoesNotMatch`] = `
Object {
  "error": "Conflict",
  "errorType": "passwordConfirmationMismatch",
  "message": "Provided password and password confirmation do not match",
  "statusCode": 409,
}
`;

exports[`passwordResetTokenNotFound`] = `
Object {
  "error": "Not Found",
  "errorType": "invalidPasswordResetToken",
  "message": "Invalid password reset token",
  "statusCode": 404,
}
`;

exports[`weakPassword`] = `
Object {
  "data": Object {
    "score": 0,
    "warning": "This is a very common password",
  },
  "error": "Conflict",
  "errorType": "weakPassword",
  "message": "Given password does not meet minimum password strength requirements",
  "statusCode": 409,
}
`;
